Testing Mistral API...
[Mistral SDK] Initializing with key ending in ...flkO
[Mistral AI] Processing query for ultra-detailed explanation...
[Mistral AI] Raw Response: {
  "message": "# ≡ƒÆí Intuition: The Gentle Giant's Dance of Bubble Sort\n\nImagine you're at a school dance, and all the kids are lined up in a row. The teacher wants them to stand in order from shortest to tallest. But instead of making them all move at once, the teacher decides to let them dance their way into orderΓÇö**one pair at a time**. HereΓÇÖs how it works:\n\n1. **The Dance Begins**: The teacher starts at the beginning of the line and looks at the first two kids. If the first kid is taller than the second, they **swap places**. If not, they stay put. This is like a little dance moveΓÇö**one comparison, one possible swap**.\n2. **Moving Down the Line**: The teacher then moves to the next pair (the second and third kids) and repeats the same check. This continues all the way to the end of the line. After this first pass, the **tallest kid** will have \"bubbled up\" to the very end of the line, like a bubble rising to the surface of water.\n3. **Repeat the Dance**: Now, the teacher knows the tallest kid is in the right place, so they **ignore the last spot** and repeat the process for the remaining kids. Each full pass through the line ensures the next tallest kid finds their correct spot at the end.\n4. **The Dance Ends**: The teacher keeps doing this until no more swaps are needed during a full pass. When that happens, the line is perfectly ordered, and the dance is over!\n\nBubble sort is like this danceΓÇö**simple, repetitive, and a little slow**, but it gets the job done. ItΓÇÖs not the fastest way to sort a line of kids (or numbers), but itΓÇÖs easy to understand and fun to visualize!\n\n---\n\n# ≡ƒÅù∩╕Å How It Works: Step-by-Step Execution\n\nLetΓÇÖs break down bubble sort with a concrete example. Suppose we have an array of numbers: `[5, 3, 8, 4, 2]`. HereΓÇÖs how bubble sort would sort this array:\n\n### **Pass 1: The First Dance**\n1. Compare `5` and `3` ΓåÆ `5 > 3` ΓåÆ **swap** ΓåÆ `[3, 5, 8, 4, 2]`\n2. Compare `5` and `8` ΓåÆ `5 < 8` ΓåÆ **no swap** ΓåÆ `[3, 5, 8, 4, 2]`\n3. Compare `8` and `4` ΓåÆ `8 > 4` ΓåÆ **swap** ΓåÆ `[3, 5, 4, 8, 2]`\n4. Compare `8` and `2` ΓåÆ `8 > 2` ΓåÆ **swap** ΓåÆ `[3, 5, 4, 2, 8]`\n   - After this pass, the largest number (`8`) is in its correct position at the end.\n\n### **Pass 2: The Second Dance**\n1. Compare `3` and `5` ΓåÆ `3 < 5` ΓåÆ **no swap** ΓåÆ `[3, 5, 4, 2, 8]`\n2. Compare `5` and `4` ΓåÆ `5 > 4` ΓåÆ **swap** ΓåÆ `[3, 4, 5, 2, 8]`\n3. Compare `5` and `2` ΓåÆ `5 > 2` ΓåÆ **swap** ΓåÆ `[3, 4, 2, 5, 8]`\n   - The second largest number (`5`) is now in its correct position.\n\n### **Pass 3: The Third Dance**\n1. Compare `3` and `4` ΓåÆ `3 < 4` ΓåÆ **no swap** ΓåÆ `[3, 4, 2, 5, 8]`\n2. Compare `4` and `2` ΓåÆ `4 > 2` ΓåÆ **swap** ΓåÆ `[3, 2, 4, 5, 8]`\n   - The third largest number (`4`) is now in its correct position.\n\n### **Pass 4: The Final Dance**\n1. Compare `3` and `2` ΓåÆ `3 > 2` ΓåÆ **swap** ΓåÆ `[2, 3, 4, 5, 8]`\n   - No more swaps are needed. The array is sorted!\n\n### **Optimization: Early Termination**\nNotice that after Pass 3, the array was already sorted (`[3, 2, 4, 5, 8]`), but bubble sort didnΓÇÖt know that yet. To make it smarter, we can add a **flag** to check if any swaps happened during a pass. If no swaps occur, we can **stop early** because the array is already sorted. This saves unnecessary passes!\n\n---\n\n# ≡ƒîì Real-World Analogy: Organizing a Buffet Line\n\nImagine youΓÇÖre at a buffet, and the line of people is completely out of order. Some people are holding heavy plates, others are holding light plates, and everyone is jostling for position. The buffet manager wants to organize the line so that people with the **heaviest plates** are at the back (to avoid blocking the food). HereΓÇÖs how bubble sort would work in this scenario:\n\n1. **First Pass**: The manager starts at the front of the line and compares the first two people. If the first person has a heavier plate than the second, they **swap places**. The manager moves down the line, repeating this process. By the end of the first pass, the person with the **heaviest plate** will have \"bubbled up\" to the very back of the line.\n2. **Second Pass**: The manager now ignores the last person (since theyΓÇÖre already in the right spot) and repeats the process for the remaining people. The next heaviest plate bubbles up to the second-to-last position.\n3. **Repeat**: The manager keeps doing this until the entire line is ordered from lightest to heaviest plates. If at any point no swaps are needed during a full pass, the manager knows the line is already sorted and can stop early.\n\nThis is exactly how bubble sort worksΓÇö**repeatedly comparing and swapping adjacent elements** until everything is in order. ItΓÇÖs not the most efficient way to organize a buffet (or sort an array), but itΓÇÖs simple and gets the job done!\n\n---\n\n# ≡ƒôè Complexity Analysis: Why Bubble Sort is Slow (But Simple)\n\n### **Time Complexity**\n- **Worst-Case Scenario**: `O(n┬▓)`\n  - This happens when the array is sorted in **reverse order**. In this case, bubble sort will need to make `n` passes, and each pass will require up to `n` comparisons. For example, sorting `[5, 4, 3, 2, 1]` would require 4 + 3 + 2 + 1 = 10 comparisons (for `n=5`), which is roughly `n┬▓/2` operations. We drop the constant, leaving us with `O(n┬▓)`.\n  - **Why?** Because for each of the `n` elements, we might need to compare it with every other element in the array.\n\n- **Best-Case Scenario**: `O(n)`\n  - This happens when the array is **already sorted**. With the **optimization** (early termination), bubble sort will make just one pass through the array, find no swaps are needed, and stop. This is `O(n)` because we only do `n-1` comparisons.\n\n- **Average-Case Scenario**: `O(n┬▓)`\n  - On average, bubble sort will still require roughly `n┬▓/2` comparisons and swaps, leading to `O(n┬▓)` time complexity.\n\n### **Space Complexity**\n- **O(1)** (Constant Space)\n  - Bubble sort is an **in-place** sorting algorithm, meaning it doesnΓÇÖt require any additional space proportional to the input size. It only uses a few extra variables (like a `temp` variable for swapping and a `swapped` flag for optimization), so the space complexity is `O(1)`.\n\n### **Why Is Bubble Sort Inefficient?**\n- **Too Many Comparisons**: Even if the array is almost sorted, bubble sort still performs many unnecessary comparisons. For example, if only the first two elements are out of order, bubble sort will still compare every adjacent pair in the array.\n- **No Adaptivity Without Optimization**: Without the early termination flag, bubble sort will always perform `O(n┬▓)` comparisons, even if the array is already sorted. This makes it **non-adaptive** by default.\n- **Better Alternatives Exist**: Algorithms like **merge sort** (`O(n log n)`) or **quick sort** (`O(n log n)` average case) are much faster for large datasets. Bubble sort is primarily used for **educational purposes** or when simplicity is more important than speed.\n\n### **When Should You Use Bubble Sort?**\n- **Small Datasets**: If youΓÇÖre sorting a tiny array (e.g., 10-20 elements), bubble sortΓÇÖs simplicity might make it a reasonable choice.\n- **Nearly Sorted Data**: With the optimization, bubble sort can perform well if the array is already mostly sorted.\n- **Educational Purposes**: Bubble sort is a great way to introduce sorting algorithms because itΓÇÖs easy to understand and visualize.\n- **Memory Constraints**: Since itΓÇÖs an in-place algorithm, itΓÇÖs useful when memory is limited.\n\nHowever, for most real-world applications, **you should avoid bubble sort** in favor of more efficient algorithms like quicksort, mergesort, or even insertion sort (which is also `O(n┬▓)` but performs better in practice).",

  "code": "import java.util.Arrays;\n\npublic class BubbleSort {\n    \n    /**\n     * Sorts an array of integers in ascending order using the Bubble Sort algorithm.\n     * \n     * @param arr The array to be sorted. This array will be modified in-place.\n     */\n    public static void bubbleSort(int[] arr) {\n        // Edge case: If the array is null or has 0 or 1 elements, it's already sorted.\n        if (arr == null || arr.length <= 1) {\n            return;\n        }\n        \n        int n = arr.length;\n        boolean swapped; // Flag to check if any swaps occurred in a pass.\n        \n        // Outer loop: Controls the number of passes through the array.\n        // After each pass, the largest unsorted element \"bubbles up\" to its correct position.\n        for (int i = 0; i < n - 1; i++) {\n            swapped = false;\n            \n            // Inner loop: Performs comparisons and swaps for the current pass.\n            // The range of the inner loop decreases with each pass because the last i elements are already sorted.\n            for (int j = 0; j < n - i - 1; j++) {\n                // Compare adjacent elements. If they are in the wrong order, swap them.\n                if (arr[j] > arr[j + 1]) {\n                    // Swap arr[j] and arr[j + 1]\n                    int temp = arr[j];\n                    arr[j] = arr[j + 1];\n                    arr[j + 1] = temp;\n                    swapped = true; // Mark that a swap occurred.\n                }\n            }\n            \n            // Optimization: If no swaps occurred in a pass, the array is already sorted.\n            // We can terminate early to save unnecessary passes.\n            if (!swapped) {\n                break;\n            }\n        }\n    }\n    \n    public static void main(String[] args) {\n        // Example usage:\n        int[] arr = {5, 3, 8, 4, 2};\n        System.out.println(\"Original array: \" + Arrays.toString(arr));\n        \n        bubbleSort(arr);\n        \n        System.out.println(\"Sorted array: \" + Arrays.toString(arr));\n        // Output: Sorted array: [2, 3, 4, 5, 8]\n    }\n}",

  "visualization": {
    "title": "Bubble Sort",
    "description": "Visualization of bubble sort sorting the array [5, 3, 8, 4, 2].",
    "type": "array",
    "timeComplexity": "O(n┬▓)",
    "spaceComplexity": "O(1)",
    "steps": [
      {
        "state": [5, 3, 8, 4, 2],
        "activeIndices": [0, 1],
        "pivotIndex": -1,
        "description": "Initial array. Compare 5 and 3. 5 > 3, so swap them."
      },
      {
        "state": [3, 5, 8, 4, 2],
        "activeIndices": [1, 2],
        "pivotIndex": -1,
        "description": "Compare 5 and 8. 5 < 8, no swap."
      },
      {
        "state": [3, 5, 8, 4, 2],
        "activeIndices": [2, 3],
        "pivotIndex": -1,
        "description": "Compare 8 and 4. 8 > 4, so swap them."
      },
      {
        "state": [3, 5, 4, 8, 2],
        "activeIndices": [3, 4],
        "pivotIndex": -1,
        "description": "Compare 8 and 2. 8 > 2, so swap them."
      },
      {
        "state": [3, 5, 4, 2, 8],
        "activeIndices": [],
        "pivotIndex": -1,
        "description": "End of Pass 1. Largest element (8) is in its correct position."
      },
      {
        "state": [3, 5, 4, 2, 8],
        "activeIndices": [0, 1],
        "pivotIndex": -1,
        "description": "Pass 2: Compare 3 and 5. 3 < 5, no swap."
      },
      {
        "state": [3, 5, 4, 2, 8],
        "activeIndices": [1, 2],
        "pivotIndex": -1,
        "description": "Compare 5 and 4. 5 > 4, so swap them."
      },
      {
        "state": [3, 4, 5, 2, 8],
        "activeIndices": [2, 3],
        "pivotIndex": -1,
        "description": "Compare 5 and 2. 5 > 2, so swap them."
      },
      {
        "state": [3, 4, 2, 5, 8],
        "activeIndices": [],
        "pivotIndex": -1,
        "description": "End of Pass 2. Second largest element (5) is in its correct position."
      },
      {
        "state": [3, 4, 2, 5, 8],
        "activeIndices": [0, 1],
        "pivotIndex": -1,
        "description": "Pass 3: Compare 3 and 4. 3 < 4, no swap."
      },
      {
        "state": [3, 4, 2, 5, 8],
        "activeIndices": [1, 2],
        "pivotIndex": -1,
        "description": "Compare 4 and 2. 4 > 2, so swap them."
      },
      {
        "state": [3, 2, 4, 5, 8],
        "activeIndices": [],
        "pivotIndex": -1,
        "description": "End of Pass 3. Third largest element (4) is in its correct position."
      },
      {
        "state": [3, 2, 4, 5, 8],
        "activeIndices": [0, 1],
        "pivotIndex": -1,
        "description": "Pass 4: Compare 3 and 2. 3 > 2, so swap them."
      },
      {
        "state": [2, 3, 4, 5, 8],
        "activeIndices": [],
        "pivotIndex": -1,
        "description": "End of Pass 4. Array is now sorted. No swaps occurred in this pass, so the algorithm terminates early."
      }
    ]
  }
}
[Mistral AI] Validating response...
[Mistral AI] Success - Detailed response ready
Result: {
  "message": "# ≡ƒÆí Intuition: The Gentle Giant's Dance of Bubble Sort\n\nImagine you're at a school dance, and all the kids are lined up in a row. The teacher wants them to stand in order from shortest to tallest. But instead of making them all move at once, the teacher decides to let them dance their way into orderΓÇö**one pair at a time**. HereΓÇÖs how it works:\n\n1. **The Dance Begins**: The teacher starts at the beginning of the line and looks at the first two kids. If the first kid is taller than the second, they **swap places**. If not, they stay put. This is like a little dance moveΓÇö**one comparison, one possible swap**.\n2. **Moving Down the Line**: The teacher then moves to the next pair (the second and third kids) and repeats the same check. This continues all the way to the end of the line. After this first pass, the **tallest kid** will have \"bubbled up\" to the very end of the line, like a bubble rising to the surface of water.\n3. **Repeat the Dance**: Now, the teacher knows the tallest kid is in the right place, so they **ignore the last spot** and repeat the process for the remaining kids. Each full pass through the line ensures the next tallest kid finds their correct spot at the end.\n4. **The Dance Ends**: The teacher keeps doing this until no more swaps are needed during a full pass. When that happens, the line is perfectly ordered, and the dance is over!\n\nBubble sort is like this danceΓÇö**simple, repetitive, and a little slow**, but it gets the job done. ItΓÇÖs not the fastest way to sort a line of kids (or numbers), but itΓÇÖs easy to understand and fun to visualize!\n\n---\n\n# ≡ƒÅù∩╕Å How It Works: Step-by-Step Execution\n\nLetΓÇÖs break down bubble sort with a concrete example. Suppose we have an array of numbers: `[5, 3, 8, 4, 2]`. HereΓÇÖs how bubble sort would sort this array:\n\n### **Pass 1: The First Dance**\n1. Compare `5` and `3` ΓåÆ `5 > 3` ΓåÆ **swap** ΓåÆ `[3, 5, 8, 4, 2]`\n2. Compare `5` and `8` ΓåÆ `5 < 8` ΓåÆ **no swap** ΓåÆ `[3, 5, 8, 4, 2]`\n3. Compare `8` and `4` ΓåÆ `8 > 4` ΓåÆ **swap** ΓåÆ `[3, 5, 4, 8, 2]`\n4. Compare `8` and `2` ΓåÆ `8 > 2` ΓåÆ **swap** ΓåÆ `[3, 5, 4, 2, 8]`\n   - After this pass, the largest number (`8`) is in its correct position at the end.\n\n### **Pass 2: The Second Dance**\n1. Compare `3` and `5` ΓåÆ `3 < 5` ΓåÆ **no swap** ΓåÆ `[3, 5, 4, 2, 8]`\n2. Compare `5` and `4` ΓåÆ `5 > 4` ΓåÆ **swap** ΓåÆ `[3, 4, 5, 2, 8]`\n3. Compare `5` and `2` ΓåÆ `5 > 2` ΓåÆ **swap** ΓåÆ `[3, 4, 2, 5, 8]`\n   - The second largest number (`5`) is now in its correct position.\n\n### **Pass 3: The Third Dance**\n1. Compare `3` and `4` ΓåÆ `3 < 4` ΓåÆ **no swap** ΓåÆ `[3, 4, 2, 5, 8]`\n2. Compare `4` and `2` ΓåÆ `4 > 2` ΓåÆ **swap** ΓåÆ `[3, 2, 4, 5, 8]`\n   - The third largest number (`4`) is now in its correct position.\n\n### **Pass 4: The Final Dance**\n1. Compare `3` and `2` ΓåÆ `3 > 2` ΓåÆ **swap** ΓåÆ `[2, 3, 4, 5, 8]`\n   - No more swaps are needed. The array is sorted!\n\n### **Optimization: Early Termination**\nNotice that after Pass 3, the array was already sorted (`[3, 2, 4, 5, 8]`), but bubble sort didnΓÇÖt know that yet. To make it smarter, we can add a **flag** to check if any swaps happened during a pass. If no swaps occur, we can **stop early** because the array is already sorted. This saves unnecessary passes!\n\n---\n\n# ≡ƒîì Real-World Analogy: Organizing a Buffet Line\n\nImagine youΓÇÖre at a buffet, and the line of people is completely out of order. Some people are holding heavy plates, others are holding light plates, and everyone is jostling for position. The buffet manager wants to organize the line so that people with the **heaviest plates** are at the back (to avoid blocking the food). HereΓÇÖs how bubble sort would work in this scenario:\n\n1. **First Pass**: The manager starts at the front of the line and compares the first two people. If the first person has a heavier plate than the second, they **swap places**. The manager moves down the line, repeating this process. By the end of the first pass, the person with the **heaviest plate** will have \"bubbled up\" to the very back of the line.\n2. **Second Pass**: The manager now ignores the last person (since theyΓÇÖre already in the right spot) and repeats the process for the remaining people. The next heaviest plate bubbles up to the second-to-last position.\n3. **Repeat**: The manager keeps doing this until the entire line is ordered from lightest to heaviest plates. If at any point no swaps are needed during a full pass, the manager knows the line is already sorted and can stop early.\n\nThis is exactly how bubble sort worksΓÇö**repeatedly comparing and swapping adjacent elements** until everything is in order. ItΓÇÖs not the most efficient way to organize a buffet (or sort an array), but itΓÇÖs simple and gets the job done!\n\n---\n\n# ≡ƒôè Complexity Analysis: Why Bubble Sort is Slow (But Simple)\n\n### **Time Complexity**\n- **Worst-Case Scenario**: `O(n┬▓)`\n  - This happens when the array is sorted in **reverse order**. In this case, bubble sort will need to make `n` passes, and each pass will require up to `n` comparisons. For example, sorting `[5, 4, 3, 2, 1]` would require 4 + 3 + 2 + 1 = 10 comparisons (for `n=5`), which is roughly `n┬▓/2` operations. We drop the constant, leaving us with `O(n┬▓)`.\n  - **Why?** Because for each of the `n` elements, we might need to compare it with every other element in the array.\n\n- **Best-Case Scenario**: `O(n)`\n  - This happens when the array is **already sorted**. With the **optimization** (early termination), bubble sort will make just one pass through the array, find no swaps are needed, and stop. This is `O(n)` because we only do `n-1` comparisons.\n\n- **Average-Case Scenario**: `O(n┬▓)`\n  - On average, bubble sort will still require roughly `n┬▓/2` comparisons and swaps, leading to `O(n┬▓)` time complexity.\n\n### **Space Complexity**\n- **O(1)** (Constant Space)\n  - Bubble sort is an **in-place** sorting algorithm, meaning it doesnΓÇÖt require any additional space proportional to the input size. It only uses a few extra variables (like a `temp` variable for swapping and a `swapped` flag for optimization), so the space complexity is `O(1)`.\n\n### **Why Is Bubble Sort Inefficient?**\n- **Too Many Comparisons**: Even if the array is almost sorted, bubble sort still performs many unnecessary comparisons. For example, if only the first two elements are out of order, bubble sort will still compare every adjacent pair in the array.\n- **No Adaptivity Without Optimization**: Without the early termination flag, bubble sort will always perform `O(n┬▓)` comparisons, even if the array is already sorted. This makes it **non-adaptive** by default.\n- **Better Alternatives Exist**: Algorithms like **merge sort** (`O(n log n)`) or **quick sort** (`O(n log n)` average case) are much faster for large datasets. Bubble sort is primarily used for **educational purposes** or when simplicity is more important than speed.\n\n### **When Should You Use Bubble Sort?**\n- **Small Datasets**: If youΓÇÖre sorting a tiny array (e.g., 10-20 elements), bubble sortΓÇÖs simplicity might make it a reasonable choice.\n- **Nearly Sorted Data**: With the optimization, bubble sort can perform well if the array is already mostly sorted.\n- **Educational Purposes**: Bubble sort is a great way to introduce sorting algorithms because itΓÇÖs easy to understand and visualize.\n- **Memory Constraints**: Since itΓÇÖs an in-place algorithm, itΓÇÖs useful when memory is limited.\n\nHowever, for most real-world applications, **you should avoid bubble sort** in favor of more efficient algorithms like quicksort, mergesort, or even insertion sort (which is also `O(n┬▓)` but performs better in practice).",
  "code": "import java.util.Arrays;\n\npublic class BubbleSort {\n    \n    /**\n     * Sorts an array of integers in ascending order using the Bubble Sort algorithm.\n     * \n     * @param arr The array to be sorted. This array will be modified in-place.\n     */\n    public static void bubbleSort(int[] arr) {\n        // Edge case: If the array is null or has 0 or 1 elements, it's already sorted.\n        if (arr == null || arr.length <= 1) {\n            return;\n        }\n        \n        int n = arr.length;\n        boolean swapped; // Flag to check if any swaps occurred in a pass.\n        \n        // Outer loop: Controls the number of passes through the array.\n        // After each pass, the largest unsorted element \"bubbles up\" to its correct position.\n        for (int i = 0; i < n - 1; i++) {\n            swapped = false;\n            \n            // Inner loop: Performs comparisons and swaps for the current pass.\n            // The range of the inner loop decreases with each pass because the last i elements are already sorted.\n            for (int j = 0; j < n - i - 1; j++) {\n                // Compare adjacent elements. If they are in the wrong order, swap them.\n                if (arr[j] > arr[j + 1]) {\n                    // Swap arr[j] and arr[j + 1]\n                    int temp = arr[j];\n                    arr[j] = arr[j + 1];\n                    arr[j + 1] = temp;\n                    swapped = true; // Mark that a swap occurred.\n                }\n            }\n            \n            // Optimization: If no swaps occurred in a pass, the array is already sorted.\n            // We can terminate early to save unnecessary passes.\n            if (!swapped) {\n                break;\n            }\n        }\n    }\n    \n    public static void main(String[] args) {\n        // Example usage:\n        int[] arr = {5, 3, 8, 4, 2};\n        System.out.println(\"Original array: \" + Arrays.toString(arr));\n        \n        bubbleSort(arr);\n        \n        System.out.println(\"Sorted array: \" + Arrays.toString(arr));\n        // Output: Sorted array: [2, 3, 4, 5, 8]\n    }\n}",
  "visualization": {
    "title": "Bubble Sort",
    "description": "Visualization of bubble sort sorting the array [5, 3, 8, 4, 2].",
    "type": "array",
    "timeComplexity": "O(n┬▓)",
    "spaceComplexity": "O(1)",
    "steps": [
      {
        "state": [
          5,
          3,
          8,
          4,
          2
        ],
        "activeIndices": [
          0,
          1
        ],
        "pivotIndex": -1,
        "description": "Initial array. Compare 5 and 3. 5 > 3, so swap them."
      },
      {
        "state": [
          3,
          5,
          8,
          4,
          2
        ],
        "activeIndices": [
          1,
          2
        ],
        "pivotIndex": -1,
        "description": "Compare 5 and 8. 5 < 8, no swap."
      },
      {
        "state": [
          3,
          5,
          8,
          4,
          2
        ],
        "activeIndices": [
          2,
          3
        ],
        "pivotIndex": -1,
        "description": "Compare 8 and 4. 8 > 4, so swap them."
      },
      {
        "state": [
          3,
          5,
          4,
          8,
          2
        ],
        "activeIndices": [
          3,
          4
        ],
        "pivotIndex": -1,
        "description": "Compare 8 and 2. 8 > 2, so swap them."
      },
      {
        "state": [
          3,
          5,
          4,
          2,
          8
        ],
        "activeIndices": [],
        "pivotIndex": -1,
        "description": "End of Pass 1. Largest element (8) is in its correct position."
      },
      {
        "state": [
          3,
          5,
          4,
          2,
          8
        ],
        "activeIndices": [
          0,
          1
        ],
        "pivotIndex": -1,
        "description": "Pass 2: Compare 3 and 5. 3 < 5, no swap."
      },
      {
        "state": [
          3,
          5,
          4,
          2,
          8
        ],
        "activeIndices": [
          1,
          2
        ],
        "pivotIndex": -1,
        "description": "Compare 5 and 4. 5 > 4, so swap them."
      },
      {
        "state": [
          3,
          4,
          5,
          2,
          8
        ],
        "activeIndices": [
          2,
          3
        ],
        "pivotIndex": -1,
        "description": "Compare 5 and 2. 5 > 2, so swap them."
      },
      {
        "state": [
          3,
          4,
          2,
          5,
          8
        ],
        "activeIndices": [],
        "pivotIndex": -1,
        "description": "End of Pass 2. Second largest element (5) is in its correct position."
      },
      {
        "state": [
          3,
          4,
          2,
          5,
          8
        ],
        "activeIndices": [
          0,
          1
        ],
        "pivotIndex": -1,
        "description": "Pass 3: Compare 3 and 4. 3 < 4, no swap."
      },
      {
        "state": [
          3,
          4,
          2,
          5,
          8
        ],
        "activeIndices": [
          1,
          2
        ],
        "pivotIndex": -1,
        "description": "Compare 4 and 2. 4 > 2, so swap them."
      },
      {
        "state": [
          3,
          2,
          4,
          5,
          8
        ],
        "activeIndices": [],
        "pivotIndex": -1,
        "description": "End of Pass 3. Third largest element (4) is in its correct position."
      },
      {
        "state": [
          3,
          2,
          4,
          5,
          8
        ],
        "activeIndices": [
          0,
          1
        ],
        "pivotIndex": -1,
        "description": "Pass 4: Compare 3 and 2. 3 > 2, so swap them."
      },
      {
        "state": [
          2,
          3,
          4,
          5,
          8
        ],
        "activeIndices": [],
        "pivotIndex": -1,
        "description": "End of Pass 4. Array is now sorted. No swaps occurred in this pass, so the algorithm terminates early."
      }
    ]
  }
}
